
> vite-react-typescript-starter@0.0.0 typecheck
> tsc --noEmit -p tsconfig.app.json

src/services/pptxService.ts(31,16): error TS6133: 'renderLatexToImage' is declared but its value is never read.
src/services/pptxService.ts(123,10): error TS6133: 'parseTextWithLatex' is declared but its value is never read.
